This is pdfTeX, Version 3.141592653-2.6-1.40.25 (MiKTeX 24.1) (preloaded format=pdflatex 2024.2.12)  16 AUG 2026 06:24
entering extended mode
 restricted \write18 enabled.
 %&-line parsing enabled.
**./title.tex
(title.tex
LaTeX2e <2023-11-01> patch level 1
L3 programming layer <2024-01-22>

! LaTeX Error: Environment titlepage undefined.

See the LaTeX manual or LaTeX Companion for explanation.
Type  H <return>  for immediate help.
 ...                                              
                                                  
l.1 \begin{titlepage}
                     
Your command was ignored.
Type  I <command> <return>  to replace it with another command,
or  <return>  to continue without it.


! LaTeX Error: Missing \begin{document}.

See the LaTeX manual or LaTeX Companion for explanation.
Type  H <return>  for immediate help.
 ...                                              
                                                  
l.7     \begin{center}
                      
You're in trouble here.  Try typing  <return>  to proceed.
If that doesn't work, type  X <return>  to quit.


Overfull \hbox (20.0pt too wide) in paragraph at lines 7--7
[] 
 []

! Undefined control sequence.
l.8     {\Large
                \textsc{
The control sequence at the end of the top line
of your error message was never \def'ed. If you have
misspelled it (e.g., `\hobx'), type `I' and the correct
spelling (e.g., `I\hbox'). Otherwise just continue,
and I'll forget about whatever was undefined.


Overfull \hbox (21.07207pt too wide) in paragraph at lines 9--9
 \OT1/cmr/m/sc/10 Uni- 
 []


Overfull \hbox (21.511pt too wide) in paragraph at lines 9--9
 \OT1/cmr/m/sc/10 ver- 
 []


Overfull \hbox (19.64435pt too wide) in paragraph at lines 9--9
 \OT1/cmr/m/sc/10 sity 
 []


Overfull \hbox (11.71107pt too wide) in paragraph at lines 9--9
 \OT1/cmr/m/sc/10 of 
 []


Overfull \hbox (17.62213pt too wide) in paragraph at lines 9--9
 \OT1/cmr/m/sc/10 the 
 []


Overfull \hbox (34.08308pt too wide) in paragraph at lines 9--9
 \OT1/cmr/m/sc/10 Philip- 
 []


Overfull \hbox (24.88876pt too wide) in paragraph at lines 9--9
 \OT1/cmr/m/sc/10 pines 
 []


Overfull \hbox (20.22484pt too wide) in paragraph at lines 9--9
 \OT1/cmr/m/sc/10 Dil- 
 []


Overfull \hbox (6.79994pt too wide) in paragraph at lines 9--9
 \OT1/cmr/m/sc/10 i- 
 []


Overfull \hbox (19.73326pt too wide) in paragraph at lines 9--9
 \OT1/cmr/m/sc/10 man 
 []

Missing character: There is no C in font nullfont!
Missing character: There is no o in font nullfont!
Missing character: There is no l in font nullfont!
Missing character: There is no l in font nullfont!
Missing character: There is no e in font nullfont!
Missing character: There is no g in font nullfont!
Missing character: There is no e in font nullfont!
Missing character: There is no o in font nullfont!
Missing character: There is no f in font nullfont!
Missing character: There is no S in font nullfont!
Missing character: There is no c in font nullfont!
Missing character: There is no i in font nullfont!
Missing character: There is no e in font nullfont!
Missing character: There is no n in font nullfont!
Missing character: There is no c in font nullfont!
Missing character: There is no e in font nullfont!
Missing character: There is no N in font nullfont!
Missing character: There is no a in font nullfont!
Missing character: There is no t in font nullfont!
Missing character: There is no i in font nullfont!
Missing character: There is no o in font nullfont!
Missing character: There is no n in font nullfont!
Missing character: There is no a in font nullfont!
Missing character: There is no l in font nullfont!
Missing character: There is no I in font nullfont!
Missing character: There is no n in font nullfont!
Missing character: There is no s in font nullfont!
Missing character: There is no t in font nullfont!
Missing character: There is no i in font nullfont!
Missing character: There is no t in font nullfont!
Missing character: There is no u in font nullfont!
Missing character: There is no t in font nullfont!
Missing character: There is no e in font nullfont!
Missing character: There is no o in font nullfont!
Missing character: There is no f in font nullfont!
Missing character: There is no P in font nullfont!
Missing character: There is no h in font nullfont!
Missing character: There is no y in font nullfont!
Missing character: There is no s in font nullfont!
Missing character: There is no i in font nullfont!
Missing character: There is no c in font nullfont!
Missing character: There is no s in font nullfont!
! Undefined control sequence.
l.12 		{\Huge
             \textbf{
The control sequence at the end of the top line
of your error message was never \def'ed. If you have
misspelled it (e.g., `\hobx'), type `I' and the correct
spelling (e.g., `I\hbox'). Otherwise just continue,
and I'll forget about whatever was undefined.


Overfull \hbox (37.37755pt too wide) in paragraph at lines 16--16
 \OT1/cmr/bx/n/10 Physics 
 []


Overfull \hbox (17.24991pt too wide) in paragraph at lines 16--16
 \OT1/cmr/bx/n/10 180 
 []


Overfull \hbox (29.52762pt too wide) in paragraph at lines 16--16
 \OT1/cmr/bx/n/10 THV- 
 []


Overfull \hbox (5.74997pt too wide) in paragraph at lines 16--16
 \OT1/cmr/bx/n/10 1 
 []


Overfull \hbox (42.78452pt too wide) in paragraph at lines 16--17
 []\OT1/cmr/bx/n/10 Problem 
 []


Overfull \hbox (16.13187pt too wide) in paragraph at lines 16--17
 \OT1/cmr/bx/n/10 Set 
 []


Overfull \hbox (9.58328pt too wide) in paragraph at lines 16--17
 \OT1/cmr/bx/n/10 1- 
 []


Overfull \hbox (5.74997pt too wide) in paragraph at lines 16--17
 \OT1/cmr/bx/n/10 2 
 []

! Undefined control sequence.
l.18 		{\Large
               \textsc{Vercil Juan}}\\[5pt] {\large IV - BS Physics}
The control sequence at the end of the top line
of your error message was never \def'ed. If you have
misspelled it (e.g., `\hobx'), type `I' and the correct
spelling (e.g., `I\hbox'). Otherwise just continue,
and I'll forget about whatever was undefined.


Overfull \hbox (33.5831pt too wide) in paragraph at lines 18--18
 []\OT1/cmr/m/sc/10 Vercil 
 []


Overfull \hbox (24.06654pt too wide) in paragraph at lines 18--18
 \OT1/cmr/m/sc/10 Juan 
 []

! Undefined control sequence.
l.18 ...Large \textsc{Vercil Juan}}\\[5pt] {\large
                                                   IV - BS Physics}
The control sequence at the end of the top line
of your error message was never \def'ed. If you have
misspelled it (e.g., `\hobx'), type `I' and the correct
spelling (e.g., `I\hbox'). Otherwise just continue,
and I'll forget about whatever was undefined.

Missing character: There is no I in font nullfont!
Missing character: There is no V in font nullfont!
Missing character: There is no - in font nullfont!
Missing character: There is no B in font nullfont!
Missing character: There is no S in font nullfont!
Missing character: There is no P in font nullfont!
Missing character: There is no h in font nullfont!
Missing character: There is no y in font nullfont!
Missing character: There is no s in font nullfont!
Missing character: There is no i in font nullfont!
Missing character: There is no c in font nullfont!
Missing character: There is no s in font nullfont!
! Undefined control sequence.
l.26     {\large
                
The control sequence at the end of the top line
of your error message was never \def'ed. If you have
misspelled it (e.g., `\hobx'), type `I' and the correct
spelling (e.g., `I\hbox'). Otherwise just continue,
and I'll forget about whatever was undefined.

Missing character: There is no A in font nullfont!
Missing character: There is no u in font nullfont!
Missing character: There is no g in font nullfont!
Missing character: There is no u in font nullfont!
Missing character: There is no s in font nullfont!
Missing character: There is no t in font nullfont!
Missing character: There is no 2 in font nullfont!
Missing character: There is no 0 in font nullfont!
Missing character: There is no 2 in font nullfont!
Missing character: There is no 6 in font nullfont!

! LaTeX Error: \begin{document} ended by \end{titlepage}.

See the LaTeX manual or LaTeX Companion for explanation.
Type  H <return>  for immediate help.
 ...                                              
                                                  
l.30 \end{titlepage}
                    
Your command was ignored.
Type  I <command> <return>  to replace it with another command,
or  <return>  to continue without it.

)
! Emergency stop.
<*> ./title.tex
               
*** (job aborted, no legal \end found)

 
Here is how much of TeX's memory you used:
 29 strings out of 474542
 828 string characters out of 5744446
 1923978 words of memory out of 5000000
 22357 multiletter control sequences out of 15000+600000
 558678 words of font info for 38 fonts, out of 8000000 for 9000
 1141 hyphenation exceptions out of 8191
 19i,1n,21p,110b,143s stack positions out of 10000i,1000n,20000p,200000b,200000s
!  ==> Fatal error occurred, no output PDF file produced!
