\BOOKMARK [1][-]{Doc-Start}{\376\377\000C\000o\000u\000r\000s\000e\000\040\000I\000n\000f\000o\000r\000m\000a\000t\000i\000o\000n}{}% 1
\BOOKMARK [1][-]{Item.2}{\376\377\000M\000a\000i\000n\000\040\000R\000e\000f\000e\000r\000e\000n\000c\000e\000s}{}% 2
\BOOKMARK [1][-]{Item.2}{\376\377\000R\000e\000m\000i\000n\000d\000e\000r\000s}{}% 3
\BOOKMARK [1][-]{Item.2}{\376\377\000P\000r\000e\000f\000a\000c\000e}{}% 4
\BOOKMARK [1][-]{Item.2}{\376\377\000C\000o\000n\000t\000e\000n\000t\000s}{}% 5
\BOOKMARK [1][-]{Item.2}{\376\377\000L\000i\000s\000t\000\040\000o\000f\000\040\000F\000i\000g\000u\000r\000e\000s}{}% 6
\BOOKMARK [1][-]{Item.2}{\376\377\000L\000i\000s\000t\000\040\000o\000f\000\040\000T\000h\000e\000o\000r\000e\000m\000s}{}% 7
\BOOKMARK [1][-]{section.1}{\376\377\000U\000n\000i\000t\000\040\0001\000:\000\040\000E\000l\000e\000c\000t\000o\000s\000t\000a\000t\000i\000c\000s}{}% 8
\BOOKMARK [2][-]{subsection.1.1}{\376\377\000R\000e\000v\000i\000e\000w\000\040\000o\000f\000\040\000V\000e\000c\000t\000o\000r\000\040\000C\000a\000l\000c\000u\000l\000u\000s}{section.1}% 9
\BOOKMARK [3][-]{subsubsection.1.1.1}{\376\377\000V\000e\000c\000t\000o\000r\000s\000\040\000a\000n\000d\000\040\000S\000c\000a\000l\000a\000r\000s}{subsection.1.1}% 10
\BOOKMARK [4][-]{subsubsubsection.1.1.1.1}{\376\377\000V\000e\000c\000t\000o\000r\000\040\000o\000p\000e\000r\000a\000t\000i\000o\000n\000s}{subsubsection.1.1.1}% 11
\BOOKMARK [3][-]{subsubsection.1.1.2}{\376\377\000V\000e\000c\000t\000o\000r\000\040\000P\000r\000o\000p\000e\000r\000t\000i\000e\000s}{subsection.1.1}% 12
\BOOKMARK [4][-]{subsubsubsection.1.1.2.1}{\376\377\000T\000h\000e\000\040\000V\000e\000c\000t\000o\000r\000\040\000N\000o\000r\000m}{subsubsection.1.1.2}% 13
\BOOKMARK [4][-]{subsubsubsection.1.1.2.2}{\376\377\000V\000e\000c\000t\000o\000r\000\040\000A\000x\000i\000o\000m\000s}{subsubsection.1.1.2}% 14
\BOOKMARK [4][-]{subsubsubsection.1.1.2.3}{\376\377\000V\000e\000c\000t\000o\000r\000\040\000d\000e\000r\000i\000v\000a\000t\000i\000v\000e\000s\000\040\000a\000n\000d\000\040\000I\000n\000t\000e\000g\000r\000a\000l\000s}{subsubsection.1.1.2}% 15
\BOOKMARK [3][-]{subsubsection.1.1.3}{\376\377\000V\000e\000c\000t\000o\000r\000\040\000T\000r\000a\000n\000s\000f\000o\000r\000m\000a\000t\000i\000o\000n\000s}{subsection.1.1}% 16
\BOOKMARK [4][-]{subsubsubsection.1.1.3.1}{\376\377\000L\000i\000n\000e\000a\000r\000\040\000t\000r\000a\000n\000s\000f\000o\000r\000m\000a\000t\000i\000o\000n\000s}{subsubsection.1.1.3}% 17
\BOOKMARK [4][-]{subsubsubsection.1.1.3.2}{\376\377\000E\000i\000g\000e\000n\000v\000e\000c\000t\000o\000r\000s\000,\000\040\000E\000i\000g\000e\000n\000v\000a\000l\000u\000e\000s}{subsubsection.1.1.3}% 18
\BOOKMARK [4][-]{subsubsubsection.1.1.3.3}{\376\377\000T\000r\000a\000n\000s\000l\000a\000t\000i\000o\000n}{subsubsection.1.1.3}% 19
\BOOKMARK [4][-]{subsubsubsection.1.1.3.4}{\376\377\000R\000o\000t\000a\000t\000i\000o\000n}{subsubsection.1.1.3}% 20
\BOOKMARK [3][-]{subsubsection.1.1.4}{\376\377\000F\000i\000e\000l\000d}{subsection.1.1}% 21
\BOOKMARK [4][-]{subsubsubsection.1.1.4.1}{\376\377\000S\000c\000a\000l\000a\000r\000\040\000f\000i\000e\000l\000d}{subsubsection.1.1.4}% 22
\BOOKMARK [4][-]{subsubsubsection.1.1.4.2}{\376\377\000V\000e\000c\000t\000o\000r\000\040\000f\000i\000e\000l\000d}{subsubsection.1.1.4}% 23
\BOOKMARK [3][-]{subsubsection.1.1.5}{\376\377\000D\000i\000f\000f\000e\000r\000e\000n\000t\000i\000a\000l\000\040\000C\000a\000l\000c\000u\000l\000u\000s}{subsection.1.1}% 24
\BOOKMARK [4][-]{subsubsubsection.1.1.5.1}{\376\377\000T\000h\000e\000\040\000D\000e\000l\000\040\000O\000p\000e\000r\000a\000t\000o\000r}{subsubsection.1.1.5}% 25
\BOOKMARK [4][-]{subsubsubsection.1.1.5.2}{\376\377\000G\000r\000a\000d\000i\000e\000n\000t}{subsubsection.1.1.5}% 26
\BOOKMARK [4][-]{subsubsubsection.1.1.5.3}{\376\377\000D\000i\000v\000e\000r\000g\000e\000n\000c\000e}{subsubsection.1.1.5}% 27
\BOOKMARK [4][-]{subsubsubsection.1.1.5.4}{\376\377\000C\000u\000r\000l}{subsubsection.1.1.5}% 28
\BOOKMARK [4][-]{subsubsubsection.1.1.5.5}{\376\377\000L\000a\000p\000l\000a\000c\000i\000a\000n}{subsubsection.1.1.5}% 29
\BOOKMARK [4][-]{subsubsubsection.1.1.5.6}{\376\377\000O\000p\000e\000r\000a\000t\000i\000o\000n\000s\000\040\000o\000n\000\040\000t\000h\000e\000s\000e\000\040\000O\000p\000e\000r\000a\000t\000o\000r\000s}{subsubsection.1.1.5}% 30
\BOOKMARK [3][-]{subsubsection.1.1.6}{\376\377\000I\000n\000t\000e\000g\000r\000a\000l\000\040\000C\000a\000l\000c\000u\000l\000u\000s}{subsection.1.1}% 31
\BOOKMARK [4][-]{subsubsubsection.1.1.6.1}{\376\377\000L\000i\000n\000e\000\040\000i\000n\000t\000e\000g\000r\000a\000l\000s}{subsubsection.1.1.6}% 32
\BOOKMARK [4][-]{subsubsubsection.1.1.6.2}{\376\377\000S\000u\000r\000f\000a\000c\000e\000\040\000I\000n\000t\000e\000g\000r\000a\000l\000s}{subsubsection.1.1.6}% 33
\BOOKMARK [4][-]{subsubsubsection.1.1.6.3}{\376\377\000V\000o\000l\000u\000m\000e\000\040\000I\000n\000t\000e\000g\000r\000a\000l\000s}{subsubsection.1.1.6}% 34
\BOOKMARK [3][-]{subsubsection.1.1.7}{\376\377\000G\000a\000u\000s\000s\000\040\000a\000n\000d\000\040\000S\000t\000o\000k\000e\000s\000\040\000T\000h\000e\000o\000r\000e\000m}{subsection.1.1}% 35
\BOOKMARK [4][-]{subsubsubsection.1.1.7.1}{\376\377\000G\000a\000u\000s\000s\000'\000s\000\040\000D\000i\000v\000e\000r\000g\000e\000n\000c\000e\000\040\000T\000h\000e\000o\000r\000e\000m}{subsubsection.1.1.7}% 36
\BOOKMARK [4][-]{subsubsubsection.1.1.7.2}{\376\377\000S\000t\000o\000k\000e\000s\000'\000\040\000T\000h\000e\000o\000r\000e\000m}{subsubsection.1.1.7}% 37
\BOOKMARK [3][-]{subsubsection.1.1.8}{\376\377\000D\000i\000r\000a\000c\000\040\000D\000e\000l\000t\000a\000\040\000P\000o\000i\000n\000t\000\040\000S\000o\000u\000r\000c\000e}{subsection.1.1}% 38
\BOOKMARK [3][-]{subsubsection.1.1.9}{\376\377\000P\000o\000t\000e\000n\000t\000i\000a\000l\000\040\000f\000i\000e\000l\000d\000s}{subsection.1.1}% 39
\BOOKMARK [4][-]{subsubsubsection.1.1.9.1}{\376\377\000I\000r\000r\000o\000t\000a\000t\000i\000o\000n\000a\000l\000\040\000f\000i\000e\000l\000d\000s}{subsubsection.1.1.9}% 40
\BOOKMARK [4][-]{subsubsubsection.1.1.9.2}{\376\377\000S\000o\000l\000e\000n\000o\000i\000d\000a\000l\000\040\000F\000i\000e\000l\000d\000s}{subsubsection.1.1.9}% 41
\BOOKMARK [3][-]{subsubsection.1.1.10}{\376\377\000C\000u\000r\000v\000i\000l\000i\000n\000e\000a\000r\000\040\000c\000o\000o\000r\000d\000i\000n\000a\000t\000e\000s}{subsection.1.1}% 42
\BOOKMARK [4][-]{subsubsubsection.1.1.10.1}{\376\377\000C\000y\000l\000i\000n\000d\000r\000i\000c\000a\000l\000\040\000c\000o\000o\000r\000d\000i\000n\000a\000t\000e\000s}{subsubsection.1.1.10}% 43
\BOOKMARK [4][-]{subsubsubsection.1.1.10.2}{\376\377\000S\000p\000h\000e\000r\000i\000c\000a\000l\000\040\000c\000o\000o\000r\000d\000i\000n\000a\000t\000e\000s}{subsubsection.1.1.10}% 44
\BOOKMARK [4][-]{subsubsubsection.1.1.10.3}{\376\377\000M\000i\000s\000c\000e\000l\000l\000a\000n\000e\000o\000u\000s\000\040\000G\000e\000o\000m\000e\000t\000r\000i\000e\000s}{subsubsection.1.1.10}% 45
\BOOKMARK [3][-]{subsubsection.1.1.11}{\376\377\000D\000i\000v\000e\000r\000g\000e\000n\000c\000e\000\040\000a\000n\000d\000\040\000t\000h\000e\000\040\000D\000i\000r\000a\000c\000\040\000D\000e\000l\000t\000a}{subsection.1.1}% 46
\BOOKMARK [2][-]{subsection.1.2}{\376\377\000T\000h\000e\000\040\000E\000l\000e\000c\000t\000r\000i\000c\000\040\000F\000i\000e\000l\000d}{section.1}% 47
\BOOKMARK [3][-]{subsubsection.1.2.1}{\376\377\000D\000e\000f\000i\000n\000i\000t\000i\000o\000n}{subsection.1.2}% 48
\BOOKMARK [3][-]{subsubsection.1.2.2}{\376\377\000C\000o\000u\000l\000o\000m\000b\000'\000s\000\040\000L\000a\000w}{subsection.1.2}% 49
\BOOKMARK [3][-]{subsubsection.1.2.3}{\376\377\000T\000h\000e\000\040\000E\000l\000e\000c\000t\000r\000i\000c\000\040\000F\000i\000e\000l\000d}{subsection.1.2}% 50
\BOOKMARK [3][-]{subsubsection.1.2.4}{\376\377\000C\000o\000n\000t\000i\000n\000u\000u\000s\000\040\000C\000h\000a\000r\000g\000e\000\040\000D\000i\000s\000t\000r\000i\000b\000u\000t\000i\000o\000n}{subsection.1.2}% 51
\BOOKMARK [3][-]{subsubsection.1.2.5}{\376\377\000D\000i\000v\000e\000r\000g\000e\000n\000c\000e\000\040\000a\000n\000d\000\040\000C\000u\000r\000l\000\040\000o\000f\000\040\000E\000l\000e\000c\000t\000r\000o\000s\000t\000a\000t\000i\000c\000\040\000F\000i\000e\000l\000d\000s}{subsection.1.2}% 52
\BOOKMARK [4][-]{subsubsubsection.1.2.5.1}{\376\377\000T\000h\000e\000\040\000D\000i\000v\000e\000r\000g\000e\000n\000c\000e\000\040\000o\000f\000\040\000E}{subsubsection.1.2.5}% 53
\BOOKMARK [4][-]{subsubsubsection.1.2.5.2}{\376\377\000T\000h\000e\000\040\000C\000u\000r\000l\000\040\000o\000f\000\040\000E}{subsubsection.1.2.5}% 54
\BOOKMARK [3][-]{subsubsection.1.2.6}{\376\377\000D\000i\000p\000o\000l\000e\000s}{subsection.1.2}% 55
\BOOKMARK [2][-]{subsection.1.3}{\376\377\000E\000l\000e\000c\000t\000r\000i\000c\000\040\000P\000o\000t\000e\000n\000t\000i\000a\000l}{section.1}% 56
\BOOKMARK [3][-]{subsubsection.1.3.1}{\376\377\000I\000n\000t\000r\000o\000d\000u\000c\000t\000i\000o\000n}{subsection.1.3}% 57
\BOOKMARK [3][-]{subsubsection.1.3.2}{\376\377\000S\000o\000m\000e\000\040\000c\000o\000m\000m\000e\000n\000t\000s\000\040\000o\000n\000\040\000P\000o\000t\000e\000n\000t\000i\000a\000l\000s}{subsection.1.3}% 58
\BOOKMARK [4][-]{subsubsubsection.1.3.2.1}{\376\377\000T\000h\000e\000\040\000n\000a\000m\000e}{subsubsection.1.3.2}% 59
\BOOKMARK [4][-]{subsubsubsection.1.3.2.2}{\376\377\000A\000d\000v\000a\000n\000t\000a\000g\000e\000\040\000o\000f\000\040\000t\000h\000e\000\040\000p\000o\000t\000e\000n\000t\000i\000a\000l\000\040\000f\000o\000r\000m\000u\000l\000a}{subsubsection.1.3.2}% 60
\BOOKMARK [4][-]{subsubsubsection.1.3.2.3}{\376\377\000T\000h\000e\000\040\000a\000r\000b\000i\000t\000r\000a\000r\000y\000\040\000r\000e\000f\000e\000r\000e\000n\000c\000e\000\040\000p\000o\000i\000n\000t}{subsubsection.1.3.2}% 61
\BOOKMARK [4][-]{subsubsubsection.1.3.2.4}{\376\377\000P\000o\000t\000e\000n\000t\000i\000a\000l\000s\000\040\000o\000b\000e\000y\000\040\000s\000u\000p\000e\000r\000p\000o\000s\000i\000t\000i\000o\000n}{subsubsection.1.3.2}% 62
\BOOKMARK [4][-]{subsubsubsection.1.3.2.5}{\376\377\000U\000n\000i\000t\000s\000\040\000o\000f\000\040\000P\000o\000t\000e\000n\000t\000i\000a\000l}{subsubsection.1.3.2}% 63
\BOOKMARK [3][-]{subsubsection.1.3.3}{\376\377\000P\000o\000i\000s\000s\000o\000n\000'\000s\000\040\000a\000n\000d\000\040\000L\000a\000p\000l\000a\000c\000e\000'\000s\000\040\000E\000q\000u\000a\000t\000i\000o\000n}{subsection.1.3}% 64
\BOOKMARK [3][-]{subsubsection.1.3.4}{\376\377\000T\000h\000e\000\040\000P\000o\000t\000e\000n\000t\000i\000a\000l\000\040\000o\000f\000\040\000a\000\040\000L\000o\000c\000a\000l\000i\000z\000e\000d\000\040\000C\000h\000a\000r\000g\000e\000\040\000D\000i\000s\000t\000r\000i\000b\000u\000t\000i\000o\000n}{subsection.1.3}% 65
\BOOKMARK [3][-]{subsubsection.1.3.5}{\376\377\000B\000o\000u\000n\000d\000a\000r\000y\000\040\000C\000o\000n\000d\000i\000t\000i\000o\000n\000s}{subsection.1.3}% 66
\BOOKMARK [2][-]{subsection.1.4}{\376\377\000W\000o\000r\000k\000\040\000a\000n\000d\000\040\000E\000n\000e\000r\000g\000y}{section.1}% 67
\BOOKMARK [3][-]{subsubsection.1.4.1}{\376\377\000T\000h\000e\000\040\000W\000o\000r\000k\000\040\000i\000t\000\040\000t\000a\000k\000e\000s\000\040\000t\000o\000\040\000M\000o\000v\000e\000\040\000a\000\040\000C\000h\000a\000r\000g\000e}{subsection.1.4}% 68
\BOOKMARK [3][-]{subsubsection.1.4.2}{\376\377\000T\000h\000e\000\040\000E\000n\000e\000r\000g\000y\000\040\000o\000f\000\040\000a\000\040\000P\000o\000i\000n\000t\000\040\000C\000h\000a\000r\000g\000e\000\040\000D\000i\000s\000t\000r\000i\000b\000u\000t\000i\000o\000n}{subsection.1.4}% 69
\BOOKMARK [3][-]{subsubsection.1.4.3}{\376\377\000T\000h\000e\000\040\000E\000n\000e\000r\000g\000y\000\040\000o\000f\000\040\000a\000\040\000C\000o\000n\000t\000i\000n\000u\000o\000u\000s\000\040\000C\000h\000a\000r\000g\000e\000\040\000D\000i\000s\000t\000r\000i\000b\000u\000t\000i\000o\000n}{subsection.1.4}% 70
\BOOKMARK [3][-]{subsubsection.1.4.4}{\376\377\000C\000o\000m\000m\000e\000n\000t\000s\000\040\000o\000n\000\040\000E\000l\000e\000c\000t\000r\000o\000s\000t\000a\000t\000i\000c\000\040\000E\000n\000e\000r\000g\000y}{subsection.1.4}% 71
\BOOKMARK [4][-]{subsubsubsection.1.4.4.1}{\376\377\000O\000b\000s\000e\000r\000v\000e\000d\000\040\000I\000n\000c\000o\000n\000s\000i\000s\000t\000e\000n\000c\000i\000e\000s}{subsubsection.1.4.4}% 72
\BOOKMARK [4][-]{subsubsubsection.1.4.4.2}{\376\377\000W\000h\000e\000r\000e\000\040\000i\000s\000\040\000t\000h\000e\000\040\000e\000n\000e\000r\000g\000y\000\040\000s\000t\000o\000r\000e\000d\000?}{subsubsection.1.4.4}% 73
\BOOKMARK [4][-]{subsubsubsection.1.4.4.3}{\376\377\000T\000h\000e\000\040\000s\000u\000p\000e\000r\000p\000o\000s\000i\000t\000i\000o\000n\000\040\000p\000r\000i\000n\000c\000i\000p\000l\000e}{subsubsection.1.4.4}% 74
\BOOKMARK [2][-]{subsection.1.5}{\376\377\000C\000o\000n\000d\000u\000c\000t\000o\000r\000s}{section.1}% 75
\BOOKMARK [3][-]{subsubsection.1.5.1}{\376\377\000B\000a\000s\000i\000c\000\040\000P\000r\000o\000p\000e\000r\000t\000i\000e\000s}{subsection.1.5}% 76
\BOOKMARK [3][-]{subsubsection.1.5.2}{\376\377\000I\000n\000d\000u\000c\000e\000d\000\040\000C\000h\000a\000r\000g\000e\000s}{subsection.1.5}% 77
\BOOKMARK [3][-]{subsubsection.1.5.3}{\376\377\000S\000u\000r\000f\000a\000c\000e\000\040\000C\000h\000a\000r\000g\000e\000\040\000a\000n\000d\000\040\000F\000o\000r\000c\000e\000\040\000o\000n\000\040\000a\000\040\000C\000o\000n\000d\000u\000c\000t\000o\000r}{subsection.1.5}% 78
\BOOKMARK [3][-]{subsubsection.1.5.4}{\376\377\000C\000a\000p\000a\000c\000i\000t\000o\000r\000s}{subsection.1.5}% 79
\BOOKMARK [2][-]{subsection.1.6}{\376\377\000C\000a\000l\000c\000u\000l\000a\000t\000i\000n\000g\000\040\000S\000c\000a\000l\000a\000r\000\040\000P\000o\000t\000e\000n\000t\000i\000a\000l\000s}{section.1}% 80
\BOOKMARK [2][-]{subsection.1.7}{\376\377\000D\000i\000e\000l\000e\000c\000t\000r\000i\000c\000s}{section.1}% 81
\BOOKMARK [2][-]{subsection.1.8}{\376\377\000E\000l\000e\000c\000t\000r\000i\000c\000\040\000D\000i\000s\000p\000l\000a\000c\000e\000m\000e\000n\000t}{section.1}% 82
\BOOKMARK [2][-]{subsection.1.9}{\376\377\000E\000n\000e\000r\000g\000y\000\040\000i\000n\000\040\000d\000i\000e\000l\000e\000c\000t\000r\000i\000c\000s\000,\000\040\000M\000a\000g\000n\000e\000t\000o\000s\000t\000a\000t\000i\000c\000s}{section.1}% 83
\BOOKMARK [2][-]{subsection.1.10}{\376\377\000M\000a\000g\000n\000e\000t\000i\000c\000\040\000V\000e\000c\000t\000o\000r\000\040\000P\000o\000t\000e\000n\000t\000i\000a\000l}{section.1}% 84
\BOOKMARK [2][-]{subsection.1.11}{\376\377\000U\000n\000i\000t\000\040\000S\000u\000m\000m\000a\000r\000y}{section.1}% 85
\BOOKMARK [1][-]{section.2}{\376\377\000U\000n\000i\000t\000\040\0002\000:\000\040\000M\000a\000g\000n\000e\000t\000o\000s\000t\000a\000t\000i\000c\000s}{}% 86
\BOOKMARK [2][-]{subsection.2.1}{\376\377\000I\000n\000t\000r\000o\000d\000u\000c\000t\000i\000o\000n}{section.2}% 87
\BOOKMARK [2][-]{subsection.2.2}{\376\377\000M\000a\000g\000n\000e\000t\000i\000c\000\040\000f\000i\000e\000l\000d\000s\000\040\000i\000n\000\040\000M\000a\000t\000t\000e\000r}{section.2}% 88
\BOOKMARK [2][-]{subsection.2.3}{\376\377\000B\000o\000u\000n\000d\000a\000r\000y\000\040\000V\000a\000l\000u\000e\000\040\000P\000r\000o\000b\000l\000e\000m\000s}{section.2}% 89
\BOOKMARK [2][-]{subsection.2.4}{\376\377\000U\000n\000i\000t\000\040\000S\000u\000m\000m\000a\000r\000y}{section.2}% 90
\BOOKMARK [1][-]{subsection.2.4}{\376\377\000A\000u\000t\000h\000o\000r\000'\000s\000\040\000N\000o\000t\000e}{}% 91
