\BOOKMARK [1][-]{section.1}{\376\377\000U\000n\000i\000t\000\040\0001\000:\000\040\000E\000l\000e\000c\000t\000o\000s\000t\000a\000t\000i\000c\000s}{}% 1
\BOOKMARK [2][-]{subsection.1.1}{\376\377\000R\000e\000v\000i\000e\000w\000\040\000o\000f\000\040\000V\000e\000c\000t\000o\000r\000\040\000C\000a\000l\000c\000u\000l\000u\000s}{section.1}% 2
\BOOKMARK [3][-]{subsubsection.1.1.1}{\376\377\000V\000e\000c\000t\000o\000r\000s\000\040\000a\000n\000d\000\040\000S\000c\000a\000l\000a\000r\000s}{subsection.1.1}% 3
\BOOKMARK [4][-]{subsubsubsection.1.1.1.1}{\376\377\000V\000e\000c\000t\000o\000r\000\040\000o\000p\000e\000r\000a\000t\000i\000o\000n\000s}{subsubsection.1.1.1}% 4
\BOOKMARK [3][-]{subsubsection.1.1.2}{\376\377\000V\000e\000c\000t\000o\000r\000\040\000P\000r\000o\000p\000e\000r\000t\000i\000e\000s}{subsection.1.1}% 5
\BOOKMARK [4][-]{subsubsubsection.1.1.2.1}{\376\377\000T\000h\000e\000\040\000V\000e\000c\000t\000o\000r\000\040\000N\000o\000r\000m}{subsubsection.1.1.2}% 6
\BOOKMARK [4][-]{subsubsubsection.1.1.2.2}{\376\377\000V\000e\000c\000t\000o\000r\000\040\000A\000x\000i\000o\000m\000s}{subsubsection.1.1.2}% 7
\BOOKMARK [4][-]{subsubsubsection.1.1.2.3}{\376\377\000V\000e\000c\000t\000o\000r\000\040\000d\000e\000r\000i\000v\000a\000t\000i\000v\000e\000s\000\040\000a\000n\000d\000\040\000I\000n\000t\000e\000g\000r\000a\000l\000s}{subsubsection.1.1.2}% 8
\BOOKMARK [3][-]{subsubsection.1.1.3}{\376\377\000F\000i\000e\000l\000d}{subsection.1.1}% 9
\BOOKMARK [3][-]{subsubsection.1.1.4}{\376\377\000T\000h\000e\000\040\000D\000e\000l\000\040\000O\000p\000e\000r\000a\000t\000o\000r}{subsection.1.1}% 10
\BOOKMARK [3][-]{subsubsection.1.1.5}{\376\377\000G\000r\000a\000d\000i\000e\000n\000t}{subsection.1.1}% 11
\BOOKMARK [3][-]{subsubsection.1.1.6}{\376\377\000D\000i\000v\000e\000r\000g\000e\000n\000c\000e}{subsection.1.1}% 12
\BOOKMARK [3][-]{subsubsection.1.1.7}{\376\377\000C\000u\000r\000l}{subsection.1.1}% 13
\BOOKMARK [3][-]{subsubsection.1.1.8}{\376\377\000L\000a\000p\000l\000a\000c\000i\000a\000n}{subsection.1.1}% 14
\BOOKMARK [3][-]{subsubsection.1.1.9}{\376\377\000G\000a\000u\000s\000s\000\040\000a\000n\000d\000\040\000S\000t\000o\000k\000e\000s\000\040\000T\000h\000e\000o\000r\000e\000m}{subsection.1.1}% 15
\BOOKMARK [3][-]{subsubsection.1.1.10}{\376\377\000D\000i\000r\000a\000c\000\040\000D\000e\000l\000t\000a\000\040\000P\000o\000i\000n\000t\000\040\000S\000o\000u\000r\000c\000e}{subsection.1.1}% 16
\BOOKMARK [2][-]{subsection.1.2}{\376\377\000E\000l\000e\000c\000t\000r\000o\000s\000t\000a\000t\000i\000c\000s\000:\000\040\000T\000h\000e\000\040\000E\000l\000e\000c\000t\000r\000i\000c\000\040\000F\000i\000e\000l\000d}{section.1}% 17
\BOOKMARK [2][-]{subsection.1.3}{\376\377\000E\000l\000e\000c\000t\000r\000o\000s\000t\000a\000t\000i\000c\000s\000:\000\040\000B\000o\000u\000n\000d\000a\000r\000y\000\040\000C\000o\000n\000d\000i\000t\000i\000o\000n\000s\000,\000\040\000w\000o\000r\000k\000\040\000a\000n\000d\000\040\000e\000n\000e\000r\000g\000y\000,\000\040\000c\000o\000n\000d\000u\000c\000t\000o\000r\000s}{section.1}% 18
\BOOKMARK [2][-]{subsection.1.4}{\376\377\000C\000a\000l\000c\000u\000l\000a\000t\000i\000n\000g\000\040\000S\000c\000a\000l\000a\000r\000\040\000P\000o\000t\000e\000n\000t\000i\000a\000l\000s\000\040\000I}{section.1}% 19
\BOOKMARK [2][-]{subsection.1.5}{\376\377\000C\000a\000l\000c\000u\000l\000a\000t\000i\000n\000g\000\040\000S\000c\000a\000l\000a\000r\000\040\000P\000o\000t\000e\000n\000t\000i\000a\000l\000s\000\040\000I\000I}{section.1}% 20
\BOOKMARK [2][-]{subsection.1.6}{\376\377\000D\000i\000e\000l\000e\000c\000t\000r\000i\000c\000s}{section.1}% 21
\BOOKMARK [2][-]{subsection.1.7}{\376\377\000E\000l\000e\000c\000t\000r\000i\000c\000\040\000D\000i\000s\000p\000l\000a\000c\000e\000m\000e\000n\000t}{section.1}% 22
\BOOKMARK [2][-]{subsection.1.8}{\376\377\000E\000n\000e\000r\000g\000y\000\040\000i\000n\000\040\000d\000i\000e\000l\000e\000c\000t\000r\000i\000c\000s\000,\000\040\000M\000a\000g\000n\000e\000t\000o\000s\000t\000a\000t\000i\000c\000s}{section.1}% 23
\BOOKMARK [2][-]{subsection.1.9}{\376\377\000M\000a\000g\000n\000e\000t\000i\000c\000\040\000V\000e\000c\000t\000o\000r\000\040\000P\000o\000t\000e\000n\000t\000i\000a\000l}{section.1}% 24
\BOOKMARK [2][-]{subsection.1.10}{\376\377\000U\000n\000i\000t\000\040\000S\000u\000m\000m\000a\000r\000y}{section.1}% 25
