This is pdfTeX, Version 3.141592653-2.6-1.40.25 (MiKTeX 24.1) (preloaded format=pdflatex 2024.2.12)  12 AUG 2026 02:30
entering extended mode
 restricted \write18 enabled.
 %&-line parsing enabled.
**./title.tex
(title.tex
LaTeX2e <2023-11-01> patch level 1
L3 programming layer <2024-01-22>

! LaTeX Error: Environment titlepage undefined.

See the LaTeX manual or LaTeX Companion for explanation.
Type  H <return>  for immediate help.
 ...                                              
                                                  
l.1 \begin{titlepage}
                     
Your command was ignored.
Type  I <command> <return>  to replace it with another command,
or  <return>  to continue without it.


! LaTeX Error: Missing \begin{document}.

See the LaTeX manual or LaTeX Companion for explanation.
Type  H <return>  for immediate help.
 ...                                              
                                                  
l.3 	\begin{center}
                   
You're in trouble here.  Try typing  <return>  to proceed.
If that doesn't work, type  X <return>  to quit.


Overfull \hbox (20.0pt too wide) in paragraph at lines 3--3
[] 
 []

! Undefined control sequence.
l.4 		\includegraphics
                      [width=5in]{../covers/P131.pdf}
The control sequence at the end of the top line
of your error message was never \def'ed. If you have
misspelled it (e.g., `\hobx'), type `I' and the correct
spelling (e.g., `I\hbox'). Otherwise just continue,
and I'll forget about whatever was undefined.

Missing character: There is no [ in font nullfont!
Missing character: There is no w in font nullfont!
Missing character: There is no i in font nullfont!
Missing character: There is no d in font nullfont!
Missing character: There is no t in font nullfont!
Missing character: There is no h in font nullfont!
Missing character: There is no = in font nullfont!
Missing character: There is no 5 in font nullfont!
Missing character: There is no i in font nullfont!
Missing character: There is no n in font nullfont!
Missing character: There is no ] in font nullfont!
Missing character: There is no . in font nullfont!
Missing character: There is no . in font nullfont!
Missing character: There is no / in font nullfont!
Missing character: There is no c in font nullfont!
Missing character: There is no o in font nullfont!
Missing character: There is no v in font nullfont!
Missing character: There is no e in font nullfont!
Missing character: There is no r in font nullfont!
Missing character: There is no s in font nullfont!
Missing character: There is no / in font nullfont!
Missing character: There is no P in font nullfont!
Missing character: There is no 1 in font nullfont!
Missing character: There is no 3 in font nullfont!
Missing character: There is no 1 in font nullfont!
Missing character: There is no . in font nullfont!
Missing character: There is no p in font nullfont!
Missing character: There is no d in font nullfont!
Missing character: There is no f in font nullfont!
! Undefined control sequence.
l.8 			\Huge
            
The control sequence at the end of the top line
of your error message was never \def'ed. If you have
misspelled it (e.g., `\hobx'), type `I' and the correct
spelling (e.g., `I\hbox'). Otherwise just continue,
and I'll forget about whatever was undefined.


Overfull \hbox (29.029pt too wide) in paragraph at lines 9--11
 []\OT1/cmr/bx/n/10 Notes 
 []


Overfull \hbox (12.13882pt too wide) in paragraph at lines 9--11
 \OT1/cmr/bx/n/10 on 
 []


Overfull \hbox (24.96515pt too wide) in paragraph at lines 9--11
 \OT1/cmr/bx/n/10 Elec- 
 []


Overfull \hbox (18.79158pt too wide) in paragraph at lines 9--11
 \OT1/cmr/bx/n/10 tro- 
 []


Overfull \hbox (16.29158pt too wide) in paragraph at lines 9--11
 \OT1/cmr/bx/n/10 dy- 
 []


Overfull \hbox (25.39568pt too wide) in paragraph at lines 9--11
 \OT1/cmr/bx/n/10 nam- 
 []


Overfull \hbox (12.84158pt too wide) in paragraph at lines 9--11
 \OT1/cmr/bx/n/10 ics 
 []

! Undefined control sequence.
l.14 			\Large
              
The control sequence at the end of the top line
of your error message was never \def'ed. If you have
misspelled it (e.g., `\hobx'), type `I' and the correct
spelling (e.g., `I\hbox'). Otherwise just continue,
and I'll forget about whatever was undefined.


Overfull \hbox (37.772pt too wide) in paragraph at lines 15--15
 []\OT1/cmr/m/sc/10 Physics 
 []


Overfull \hbox (16.58318pt too wide) in paragraph at lines 15--15
 \OT1/cmr/m/sc/10 131 
 []


Overfull \hbox (33.5831pt too wide) in paragraph at lines 19--19
 []\OT1/cmr/m/sc/10 Vercil 
 []


Overfull \hbox (24.06654pt too wide) in paragraph at lines 19--19
 \OT1/cmr/m/sc/10 Juan 
 []

! Undefined control sequence.
l.22 			\large
              
The control sequence at the end of the top line
of your error message was never \def'ed. If you have
misspelled it (e.g., `\hobx'), type `I' and the correct
spelling (e.g., `I\hbox'). Otherwise just continue,
and I'll forget about whatever was undefined.


Overfull \hbox (13.05548pt too wide) in paragraph at lines 23--25
 []\OT1/cmr/bx/n/10 IV 
 []


Overfull \hbox (3.83331pt too wide) in paragraph at lines 23--25
 \OT1/cmr/bx/n/10 - 
 []


Overfull \hbox (14.56937pt too wide) in paragraph at lines 23--25
 \OT1/cmr/bx/n/10 BS 
 []


Overfull \hbox (37.37755pt too wide) in paragraph at lines 23--25
 \OT1/cmr/bx/n/10 Physics 
 []

! Undefined control sequence.
l.27 			\large
              
The control sequence at the end of the top line
of your error message was never \def'ed. If you have
misspelled it (e.g., `\hobx'), type `I' and the correct
spelling (e.g., `I\hbox'). Otherwise just continue,
and I'll forget about whatever was undefined.

Missing character: There is no 1 in font nullfont!
Missing character: There is no s in font nullfont!
Missing character: There is no t in font nullfont!
Missing character: There is no S in font nullfont!
Missing character: There is no e in font nullfont!
Missing character: There is no m in font nullfont!
Missing character: There is no e in font nullfont!
Missing character: There is no s in font nullfont!
Missing character: There is no t in font nullfont!
Missing character: There is no e in font nullfont!
Missing character: There is no r in font nullfont!
Missing character: There is no , in font nullfont!
Missing character: There is no A in font nullfont!
Missing character: There is no Y in font nullfont!
Missing character: There is no 2 in font nullfont!
Missing character: There is no 0 in font nullfont!
Missing character: There is no 2 in font nullfont!
Missing character: There is no 6 in font nullfont!
Missing character: There is no - in font nullfont!
Missing character: There is no 2 in font nullfont!
Missing character: There is no 0 in font nullfont!
Missing character: There is no 2 in font nullfont!
Missing character: There is no 7 in font nullfont!

! LaTeX Error: \begin{document} ended by \end{titlepage}.

See the LaTeX manual or LaTeX Companion for explanation.
Type  H <return>  for immediate help.
 ...                                              
                                                  
l.33 \end{titlepage}
                    
Your command was ignored.
Type  I <command> <return>  to replace it with another command,
or  <return>  to continue without it.

)
! Emergency stop.
<*> ./title.tex
               
*** (job aborted, no legal \end found)

 
Here is how much of TeX's memory you used:
 29 strings out of 474542
 760 string characters out of 5744446
 1923978 words of memory out of 5000000
 22357 multiletter control sequences out of 15000+600000
 558678 words of font info for 38 fonts, out of 8000000 for 9000
 1141 hyphenation exceptions out of 8191
 19i,1n,20p,96b,138s stack positions out of 10000i,1000n,20000p,200000b,200000s
!  ==> Fatal error occurred, no output PDF file produced!
