\BOOKMARK [1][-]{Doc-Start}{\376\377\000F\000r\000o\000n\000t\000\040\000M\000a\000t\000t\000e\000r}{}% 1
\BOOKMARK [2][-]{section*.1}{\376\377\000C\000o\000u\000r\000s\000e\000\040\000I\000n\000f\000o\000r\000m\000a\000t\000i\000o\000n}{Doc-Start}% 2
\BOOKMARK [2][-]{section*.5}{\376\377\000M\000a\000i\000n\000\040\000R\000e\000f\000e\000r\000e\000n\000c\000e\000s}{Doc-Start}% 3
\BOOKMARK [2][-]{section*.5}{\376\377\000R\000e\000m\000i\000n\000d\000e\000r\000s}{Doc-Start}% 4
\BOOKMARK [2][-]{section*.5}{\376\377\000P\000r\000e\000f\000a\000c\000e}{Doc-Start}% 5
\BOOKMARK [2][-]{section*.5}{\376\377\000C\000o\000n\000t\000e\000n\000t\000s}{Doc-Start}% 6
\BOOKMARK [2][-]{section*.5}{\376\377\000L\000i\000s\000t\000\040\000o\000f\000\040\000F\000i\000g\000u\000r\000e\000s}{Doc-Start}% 7
\BOOKMARK [2][-]{section*.5}{\376\377\000L\000i\000s\000t\000\040\000o\000f\000\040\000D\000e\000f\000i\000n\000i\000t\000i\000o\000n\000s}{Doc-Start}% 8
\BOOKMARK [2][-]{section*.5}{\376\377\000L\000i\000s\000t\000\040\000o\000f\000\040\000T\000h\000e\000o\000r\000e\000m\000s}{Doc-Start}% 9
\BOOKMARK [1][-]{section.1}{\376\377\000C\000h\000a\000p\000t\000e\000r\000\040\0001\000:\000\040\000R\000e\000v\000i\000e\000w\000\040\000o\000f\000\040\000N\000e\000w\000t\000o\000n\000i\000a\000n\000\040\000P\000h\000y\000s\000i\000c\000s}{}% 10
\BOOKMARK [2][-]{subsection.1.1}{\376\377\000I\000n\000t\000r\000o\000d\000u\000c\000t\000i\000o\000n}{section.1}% 11
\BOOKMARK [3][-]{subsubsection.1.1.1}{\376\377\000N\000e\000w\000t\000o\000n\000'\000s\000\040\000L\000a\000w\000\040\000o\000f\000\040\000G\000r\000a\000v\000i\000t\000a\000t\000i\000o\000n}{subsection.1.1}% 12
\BOOKMARK [3][-]{subsubsection.1.1.2}{\376\377\000N\000e\000w\000t\000o\000n\000'\000s\000\040\000E\000q\000u\000a\000t\000i\000o\000n\000s\000\040\000o\000f\000\040\000M\000o\000t\000i\000o\000n}{subsection.1.1}% 13
\BOOKMARK [3][-]{subsubsection.1.1.3}{\376\377\000W\000e\000a\000k\000\040\000E\000q\000u\000i\000v\000a\000l\000e\000n\000c\000e\000\040\000P\000r\000i\000n\000c\000i\000p\000l\000e}{subsection.1.1}% 14
\BOOKMARK [3][-]{subsubsection.1.1.4}{\376\377\000A\000\040\000T\000h\000e\000o\000r\000y\000\040\000o\000f\000\040\000G\000r\000a\000v\000i\000t\000y}{subsection.1.1}% 15
\BOOKMARK [2][-]{subsection.1.2}{\376\377\000E\000i\000n\000s\000t\000e\000i\000n\000'\000s\000\040\000E\000q\000u\000i\000v\000a\000l\000e\000n\000c\000e\000\040\000P\000r\000i\000n\000c\000i\000p\000l\000e}{section.1}% 16
\BOOKMARK [3][-]{subsubsection.1.2.1}{\376\377\000I\000n\000e\000r\000t\000i\000a\000l\000\040\000F\000r\000a\000m\000e\000s}{subsection.1.2}% 17
\BOOKMARK [3][-]{subsubsection.1.2.2}{\376\377\000U\000n\000i\000v\000e\000r\000s\000a\000l\000i\000t\000y\000\040\000o\000f\000\040\000F\000r\000e\000e\000\040\000F\000a\000l\000l}{subsection.1.2}% 18
\BOOKMARK [2][-]{subsection.1.3}{\376\377\000H\000i\000s\000t\000o\000r\000y\000\040\000o\000f\000\040\000R\000e\000l\000a\000t\000i\000v\000i\000t\000y}{section.1}% 19
\BOOKMARK [3][-]{subsubsection.1.3.1}{\376\377\000R\000e\000l\000a\000t\000i\000v\000i\000t\000y\000\040\000b\000e\000f\000o\000r\000e\000\040\000E\000i\000n\000s\000t\000e\000i\000n}{subsection.1.3}% 20
\BOOKMARK [3][-]{subsubsection.1.3.2}{\376\377\000M\000a\000x\000w\000e\000l\000l\000'\000s\000\040\000R\000e\000s\000u\000l\000t\000s}{subsection.1.3}% 21
\BOOKMARK [3][-]{subsubsection.1.3.3}{\376\377\000E\000i\000n\000s\000t\000e\000i\000n\000'\000s\000\040\000C\000o\000n\000t\000r\000i\000b\000u\000t\000i\000o\000n}{subsection.1.3}% 22
\BOOKMARK [3][-]{subsubsection.1.3.4}{\376\377\000F\000r\000o\000m\000\040\000S\000p\000e\000c\000i\000a\000l\000\040\000t\000o\000\040\000G\000e\000n\000e\000r\000a\000l\000\040\000R\000e\000l\000a\000t\000i\000v\000i\000t\000y}{subsection.1.3}% 23
\BOOKMARK [2][-]{subsection.1.4}{\376\377\000R\000e\000l\000a\000t\000i\000v\000i\000t\000y\000\040\000w\000i\000t\000h\000o\000u\000t\000\040\000L\000i\000g\000h\000t}{section.1}% 24
\BOOKMARK [3][-]{subsubsection.1.4.1}{\376\377\000T\000h\000e\000\040\000T\000r\000a\000n\000s\000f\000o\000r\000m\000a\000t\000i\000o\000n\000\040\000P\000r\000o\000b\000l\000e\000m}{subsection.1.4}% 25
\BOOKMARK [3][-]{subsubsection.1.4.2}{\376\377\000P\000r\000i\000n\000c\000i\000p\000l\000e\000\040\000o\000f\000\040\000R\000e\000l\000a\000t\000i\000v\000i\000t\000y}{subsection.1.4}% 26
\BOOKMARK [3][-]{subsubsection.1.4.3}{\376\377\000I\000s\000o\000t\000r\000o\000p\000y\000\040\000o\000f\000\040\000S\000p\000a\000c\000e}{subsection.1.4}% 27
\BOOKMARK [3][-]{subsubsection.1.4.4}{\376\377\000T\000h\000e\000\040\000I\000n\000v\000a\000r\000i\000a\000n\000c\000e\000\040\000o\000f\000\040\000S\000t\000r\000a\000i\000g\000h\000t\000\040\000L\000i\000n\000e\000s}{subsection.1.4}% 28
\BOOKMARK [3][-]{subsubsection.1.4.5}{\376\377\000H\000o\000m\000o\000g\000e\000n\000e\000i\000t\000y\000\040\000o\000f\000\040\000S\000p\000a\000c\000e\000t\000i\000m\000e}{subsection.1.4}% 29
\BOOKMARK [3][-]{subsubsection.1.4.6}{\376\377\000P\000a\000r\000i\000t\000y\000\040\000C\000o\000n\000s\000t\000r\000a\000i\000n\000t\000s}{subsection.1.4}% 30
\BOOKMARK [3][-]{subsubsection.1.4.7}{\376\377\000I\000n\000v\000e\000r\000s\000e\000\040\000t\000r\000a\000n\000s\000f\000o\000r\000m\000a\000t\000i\000o\000n\000\040\000a\000n\000d\000\040\000c\000o\000m\000p\000o\000s\000i\000t\000i\000o\000n\000\040\000c\000o\000n\000s\000t\000r\000a\000i\000n\000t\000s}{subsection.1.4}% 31
\BOOKMARK [3][-]{subsubsection.1.4.8}{\376\377\000T\000h\000e\000\040\000T\000r\000i\000v\000i\000a\000l\000\040\000a\000n\000d\000\040\000N\000o\000n\000t\000r\000i\000v\000i\000a\000l\000\040\000B\000r\000a\000n\000c\000h\000e\000s}{subsection.1.4}% 32
\BOOKMARK [3][-]{subsubsection.1.4.9}{\376\377\000T\000h\000e\000\040\000m\000o\000t\000i\000o\000n\000\040\000o\000f\000\040\000t\000h\000e\000\040\000o\000r\000i\000g\000i\000n\000\040\000o\000f\000\040\000S\000'}{subsection.1.4}% 33
\BOOKMARK [3][-]{subsubsection.1.4.10}{\376\377\000I\000n\000t\000r\000o\000d\000u\000c\000t\000i\000o\000n\000\040\000o\000f\000\040\000a\000\040\000T\000h\000i\000r\000d\000\040\000O\000b\000s\000e\000r\000v\000e\000r}{subsection.1.4}% 34
\BOOKMARK [3][-]{subsubsection.1.4.11}{\376\377\000T\000h\000e\000\040\000E\000m\000e\000r\000g\000e\000n\000c\000e\000\040\000o\000f\000\040\000a\000n\000\040\000I\000n\000v\000a\000r\000i\000a\000n\000t\000\040\000S\000p\000e\000e\000d}{subsection.1.4}% 35
\BOOKMARK [3][-]{subsubsection.1.4.12}{\376\377\000T\000h\000e\000\040\000R\000e\000l\000e\000v\000a\000n\000c\000e\000\040\000o\000f\000\040\000L\000i\000g\000h\000t}{subsection.1.4}% 36
\BOOKMARK [3][-]{subsubsection.1.4.13}{\376\377\000T\000h\000e\000\040\000G\000a\000l\000i\000l\000e\000a\000n\000\040\000L\000i\000m\000i\000t}{subsection.1.4}% 37
\BOOKMARK [3][-]{subsubsection.1.4.14}{\376\377\000L\000o\000r\000e\000n\000t\000z\000i\000a\000n\000,\000\040\000G\000a\000l\000i\000l\000e\000a\000n\000,\000\040\000a\000n\000d\000\040\000C\000a\000r\000r\000o\000l\000l\000i\000a\000n\000\040\000k\000i\000n\000e\000m\000a\000t\000i\000c\000s}{subsection.1.4}% 38
\BOOKMARK [3][-]{subsubsection.1.4.15}{\376\377\000C\000o\000n\000c\000l\000u\000s\000i\000o\000n}{subsection.1.4}% 39
\BOOKMARK [1][-]{section.2}{\376\377\000C\000h\000a\000p\000t\000e\000r\000\040\0002\000:\000\040\000A\000s\000p\000e\000c\000t\000s\000\040\000o\000f\000\040\000D\000i\000f\000f\000e\000r\000e\000n\000t\000i\000a\000l\000\040\000G\000e\000o\000m\000e\000t\000r\000y}{}% 40
\BOOKMARK [2][-]{subsection.2.1}{\376\377\000M\000a\000n\000i\000f\000o\000l\000d\000s\000\040\000a\000n\000d\000\040\000T\000o\000p\000o\000l\000o\000g\000i\000c\000a\000l\000\040\000S\000p\000a\000c\000e\000s}{section.2}% 41
\BOOKMARK [3][-]{subsubsection.2.1.1}{\376\377\000S\000p\000a\000c\000e\000t\000i\000m\000e}{subsection.2.1}% 42
\BOOKMARK [3][-]{subsubsection.2.1.2}{\376\377\000M\000a\000n\000i\000f\000o\000l\000d\000s}{subsection.2.1}% 43
\BOOKMARK [3][-]{subsubsection.2.1.3}{\376\377\000T\000o\000p\000o\000l\000o\000g\000i\000c\000a\000l\000\040\000S\000p\000a\000c\000e}{subsection.2.1}% 44
\BOOKMARK [3][-]{subsubsection.2.1.4}{\376\377\000C\000o\000n\000t\000i\000n\000u\000i\000t\000y}{subsection.2.1}% 45
\BOOKMARK [3][-]{subsubsection.2.1.5}{\376\377\000H\000o\000m\000e\000o\000m\000o\000r\000p\000h\000i\000s\000m}{subsection.2.1}% 46
\BOOKMARK [3][-]{subsubsection.2.1.6}{\376\377\000C\000h\000a\000r\000t\000s}{subsection.2.1}% 47
\BOOKMARK [3][-]{subsubsection.2.1.7}{\376\377\000D\000i\000f\000f\000e\000r\000e\000n\000t\000i\000a\000b\000l\000e\000\040\000M\000a\000n\000i\000f\000o\000l\000d\000s}{subsection.2.1}% 48
\BOOKMARK [3][-]{subsubsection.2.1.8}{\376\377\000E\000x\000a\000m\000p\000l\000e\000s}{subsection.2.1}% 49
\BOOKMARK [2][-]{subsection.2.2}{\376\377\000S\000t\000r\000u\000c\000t\000u\000r\000e\000s\000\040\000o\000n\000\040\000M\000a\000n\000i\000f\000o\000l\000d\000s}{section.2}% 50
\BOOKMARK [3][-]{subsubsection.2.2.1}{\376\377\000S\000p\000a\000c\000e\000t\000i\000m\000e\000\040\000a\000s\000\040\000a\000\040\000M\000a\000n\000i\000f\000o\000l\000d}{subsection.2.2}% 51
\BOOKMARK [3][-]{subsubsection.2.2.2}{\376\377\000G\000e\000n\000e\000r\000a\000l\000\040\000C\000o\000v\000a\000r\000i\000a\000n\000c\000e}{subsection.2.2}% 52
\BOOKMARK [3][-]{subsubsection.2.2.3}{\376\377\000S\000c\000a\000l\000a\000r\000\040\000F\000u\000n\000c\000t\000i\000o\000n\000s}{subsection.2.2}% 53
\BOOKMARK [3][-]{subsubsection.2.2.4}{\376\377\000V\000e\000c\000t\000o\000r\000s}{subsection.2.2}% 54
\BOOKMARK [3][-]{subsubsection.2.2.5}{\376\377\000D\000i\000r\000e\000c\000t\000i\000o\000n\000a\000l\000\040\000D\000e\000r\000i\000v\000a\000t\000i\000v\000e\000s}{subsection.2.2}% 55
\BOOKMARK [3][-]{subsubsection.2.2.6}{\376\377\000T\000h\000e\000\040\000T\000a\000n\000g\000e\000n\000t\000\040\000S\000p\000a\000c\000e}{subsection.2.2}% 56
\BOOKMARK [3][-]{subsubsection.2.2.7}{\376\377\000T\000h\000e\000\040\000C\000o\000o\000r\000d\000i\000n\000a\000t\000e\000\040\000B\000a\000s\000i\000s}{subsection.2.2}% 57
\BOOKMARK [3][-]{subsubsection.2.2.8}{\376\377\000A\000b\000s\000t\000r\000a\000c\000t\000\040\000I\000n\000d\000e\000x\000\040\000N\000o\000t\000a\000t\000i\000o\000n\000\040\000\050\000P\000r\000e\000l\000i\000m\000i\000n\000a\000r\000y\000\051}{subsection.2.2}% 58
\BOOKMARK [2][-]{subsection.2.3}{\376\377\000V\000e\000c\000t\000o\000r\000s\000\040\000o\000n\000\040\000M\000a\000n\000i\000f\000o\000l\000d\000s}{section.2}% 59
\BOOKMARK [3][-]{subsubsection.2.3.1}{\376\377\000R\000e\000v\000i\000e\000w\000\040\000o\000f\000\040\000S\000t\000r\000u\000c\000t\000u\000r\000e\000s\000\040\000o\000n\000\040\000M\000a\000n\000i\000f\000o\000l\000d\000s}{subsection.2.3}% 60
\BOOKMARK [3][-]{subsubsection.2.3.2}{\376\377\000C\000o\000o\000r\000d\000i\000n\000a\000t\000e\000\040\000B\000a\000s\000e\000s}{subsection.2.3}% 61
\BOOKMARK [3][-]{subsubsection.2.3.3}{\376\377\000C\000h\000a\000n\000g\000e\000\040\000o\000f\000\040\000C\000o\000o\000r\000d\000i\000n\000a\000t\000e\000s}{subsection.2.3}% 62
\BOOKMARK [3][-]{subsubsection.2.3.4}{\376\377\000V\000e\000c\000t\000o\000r\000\040\000T\000r\000a\000n\000s\000f\000o\000r\000m\000a\000t\000i\000o\000n\000\040\000L\000a\000w\000s}{subsection.2.3}% 63
\BOOKMARK [3][-]{subsubsection.2.3.5}{\376\377\000C\000o\000n\000t\000r\000a\000v\000a\000r\000i\000a\000n\000t\000\040\000a\000n\000d\000\040\000C\000o\000v\000a\000r\000i\000a\000n\000t\000\040\000V\000e\000c\000t\000o\000r\000s}{subsection.2.3}% 64
\BOOKMARK [3][-]{subsubsection.2.3.6}{\376\377\000N\000o\000n\000-\000C\000o\000o\000r\000d\000i\000n\000a\000t\000e\000\040\000B\000a\000s\000e\000s}{subsection.2.3}% 65
\BOOKMARK [2][-]{subsection.2.4}{\376\377\000C\000u\000r\000v\000e\000s\000\040\000a\000n\000d\000\040\000T\000a\000n\000g\000e\000n\000t\000\040\000V\000e\000c\000t\000o\000r\000s}{section.2}% 66
\BOOKMARK [3][-]{subsubsection.2.4.1}{\376\377\000C\000u\000r\000v\000e\000s}{subsection.2.4}% 67
\BOOKMARK [3][-]{subsubsection.2.4.2}{\376\377\000C\000o\000o\000r\000d\000i\000n\000a\000t\000e\000\040\000C\000u\000r\000v\000e\000s}{subsection.2.4}% 68
\BOOKMARK [3][-]{subsubsection.2.4.3}{\376\377\000T\000a\000n\000g\000e\000n\000t\000\040\000V\000e\000c\000t\000o\000r\000s\000\040\000a\000t\000\040\000C\000u\000r\000v\000e\000s}{subsection.2.4}% 69
\BOOKMARK [2][-]{subsection.2.5}{\376\377\000T\000a\000n\000g\000e\000n\000t\000\040\000V\000e\000c\000t\000o\000r\000s}{section.2}% 70
\BOOKMARK [3][-]{subsubsection.2.5.1}{\376\377\000T\000a\000n\000g\000e\000n\000t\000\040\000V\000e\000c\000t\000o\000r\000\040\000C\000o\000m\000p\000o\000n\000e\000n\000t\000s}{subsection.2.5}% 71
\BOOKMARK [3][-]{subsubsection.2.5.2}{\376\377\000V\000e\000c\000t\000o\000r\000\040\000F\000i\000e\000l\000d\000s}{subsection.2.5}% 72
\BOOKMARK [3][-]{subsubsection.2.5.3}{\376\377\000C\000o\000n\000n\000e\000c\000t\000i\000o\000n}{subsection.2.5}% 73
\BOOKMARK [3][-]{subsubsection.2.5.4}{\376\377\000P\000h\000y\000s\000i\000c\000a\000l\000\040\000E\000x\000a\000m\000p\000l\000e\000s}{subsection.2.5}% 74
\BOOKMARK [3][-]{subsubsection.2.5.5}{\376\377\000V\000i\000s\000u\000a\000l\000\040\000E\000x\000a\000m\000p\000l\000e\000s}{subsection.2.5}% 75
\BOOKMARK [3][-]{subsubsection.2.5.6}{\376\377\000P\000u\000s\000h\000b\000a\000c\000k\000\040\000a\000n\000d\000\040\000P\000u\000l\000l\000f\000o\000r\000w\000a\000r\000d}{subsection.2.5}% 76
\BOOKMARK [2][-]{subsection.2.6}{\376\377\000D\000u\000a\000l\000\040\000V\000e\000c\000t\000o\000r\000s}{section.2}% 77
\BOOKMARK [3][-]{subsubsection.2.6.1}{\376\377\000D\000u\000a\000l\000\040\000S\000p\000a\000c\000e}{subsection.2.6}% 78
\BOOKMARK [3][-]{subsubsection.2.6.2}{\376\377\000P\000r\000o\000p\000e\000r\000t\000i\000e\000s\000\040\000a\000n\000d\000\040\000O\000p\000e\000r\000a\000t\000i\000o\000n\000s}{subsection.2.6}% 79
\BOOKMARK [3][-]{subsubsection.2.6.3}{\376\377\000D\000u\000a\000l\000\040\000B\000a\000s\000i\000s}{subsection.2.6}% 80
\BOOKMARK [3][-]{subsubsection.2.6.4}{\376\377\000D\000o\000u\000b\000l\000e\000-\000d\000u\000a\000l\000\040\000s\000p\000a\000c\000e}{subsection.2.6}% 81
\BOOKMARK [3][-]{subsubsection.2.6.5}{\376\377\000T\000h\000e\000\040\000D\000i\000f\000f\000e\000r\000e\000n\000t\000i\000a\000l\000\040\000o\000f\000\040\000a\000\040\000F\000u\000n\000c\000t\000i\000o\000n}{subsection.2.6}% 82
\BOOKMARK [3][-]{subsubsection.2.6.6}{\376\377\000n\000-\000f\000o\000r\000m\000s}{subsection.2.6}% 83
\BOOKMARK [3][-]{subsubsection.2.6.7}{\376\377\000D\000i\000f\000f\000e\000r\000e\000n\000t\000i\000a\000l\000\040\000B\000a\000s\000i\000s}{subsection.2.6}% 84
\BOOKMARK [3][-]{subsubsection.2.6.8}{\376\377\000T\000h\000e\000\040\000I\000n\000t\000e\000r\000i\000o\000r\000\040\000P\000r\000o\000d\000u\000c\000t}{subsection.2.6}% 85
\BOOKMARK [2][-]{subsection.2.7}{\376\377\000T\000e\000n\000s\000o\000r\000s}{section.2}% 86
\BOOKMARK [3][-]{subsubsection.2.7.1}{\376\377\000D\000e\000f\000i\000n\000i\000t\000i\000o\000n}{subsection.2.7}% 87
\BOOKMARK [3][-]{subsubsection.2.7.2}{\376\377\000V\000e\000c\000t\000o\000r\000s\000\040\000a\000n\000d\000\040\000c\000o\000v\000e\000c\000t\000o\000r\000s\000\040\000a\000s\000\040\000t\000e\000n\000s\000o\000r\000s}{subsection.2.7}% 88
\BOOKMARK [3][-]{subsubsection.2.7.3}{\376\377\000T\000e\000n\000s\000o\000r\000s\000\040\000a\000s\000\040\000v\000e\000c\000t\000o\000r\000/\000c\000o\000v\000e\000c\000t\000o\000r\000\040\000o\000p\000e\000r\000a\000t\000o\000r\000s}{subsection.2.7}% 89
\BOOKMARK [3][-]{subsubsection.2.7.4}{\376\377\000T\000e\000n\000s\000o\000r\000\040\000P\000r\000o\000d\000u\000c\000t}{subsection.2.7}% 90
\BOOKMARK [3][-]{subsubsection.2.7.5}{\376\377\000B\000a\000s\000i\000s\000\040\000T\000e\000n\000s\000o\000r\000s}{subsection.2.7}% 91
\BOOKMARK [3][-]{subsubsection.2.7.6}{\376\377\000S\000y\000m\000m\000e\000t\000r\000i\000c\000\040\000T\000e\000n\000s\000o\000r\000\040\000P\000r\000o\000d\000u\000c\000t}{subsection.2.7}% 92
\BOOKMARK [3][-]{subsubsection.2.7.7}{\376\377\000T\000e\000n\000s\000o\000r\000\040\000T\000r\000a\000n\000s\000f\000o\000r\000m\000a\000t\000i\000o\000n\000\040\000L\000a\000w}{subsection.2.7}% 93
\BOOKMARK [3][-]{subsubsection.2.7.8}{\376\377\000C\000o\000n\000t\000r\000a\000c\000t\000i\000o\000n\000\040\000O\000p\000e\000r\000a\000t\000i\000o\000n}{subsection.2.7}% 94
\BOOKMARK [3][-]{subsubsection.2.7.9}{\376\377\000A\000b\000s\000t\000r\000a\000c\000t\000\040\000I\000n\000d\000e\000x\000\040\000N\000o\000t\000a\000t\000i\000o\000n}{subsection.2.7}% 95
\BOOKMARK [2][-]{subsection.2.8}{\376\377\000T\000h\000e\000\040\000M\000e\000t\000r\000i\000c\000\040\000T\000e\000n\000s\000o\000r}{section.2}% 96
\BOOKMARK [3][-]{subsubsection.2.8.1}{\376\377\000D\000e\000f\000i\000n\000i\000t\000i\000o\000n}{subsection.2.8}% 97
\BOOKMARK [3][-]{subsubsection.2.8.2}{\376\377\000I\000n\000n\000e\000r\000\040\000P\000r\000o\000d\000u\000c\000t}{subsection.2.8}% 98
\BOOKMARK [3][-]{subsubsection.2.8.3}{\376\377\000M\000e\000t\000r\000i\000c\000\040\000a\000s\000\040\000a\000\040\000r\000a\000i\000s\000i\000n\000g\000/\000l\000o\000w\000e\000r\000i\000n\000g\000\040\000o\000p\000e\000r\000a\000t\000o\000r}{subsection.2.8}% 99
\BOOKMARK [3][-]{subsubsection.2.8.4}{\376\377\000S\000y\000m\000m\000e\000t\000r\000i\000z\000a\000t\000i\000o\000n\000\040\000a\000n\000d\000\040\000A\000n\000t\000i\000s\000y\000m\000m\000e\000t\000r\000i\000z\000a\000t\000i\000o\000n}{subsection.2.8}% 100
\BOOKMARK [3][-]{subsubsection.2.8.5}{\376\377\000T\000h\000e\000\040\000G\000e\000o\000d\000e\000s\000i\000c\000\040\000E\000q\000u\000a\000t\000i\000o\000n}{subsection.2.8}% 101
\BOOKMARK [1][-]{section.3}{\376\377\000C\000h\000a\000p\000t\000e\000r\000\040\0003\000:\000\040\000S\000p\000e\000c\000i\000a\000l\000\040\000R\000e\000l\000a\000t\000i\000v\000i\000t\000y}{}% 102
\BOOKMARK [2][-]{subsection.3.1}{\376\377\000E\000l\000e\000m\000e\000n\000t\000s\000\040\000o\000f\000\040\000S\000p\000e\000c\000i\000a\000l\000\040\000R\000e\000l\000a\000t\000i\000v\000i\000t\000y}{section.3}% 103
\BOOKMARK [3][-]{subsubsection.3.1.1}{\376\377\000n\000-\000D\000i\000m\000e\000n\000s\000i\000o\000n\000a\000l\000\040\000E\000u\000c\000l\000i\000d\000e\000a\000n\000\040\000S\000p\000a\000c\000e}{subsection.3.1}% 104
\BOOKMARK [3][-]{subsubsection.3.1.2}{\376\377\000M\000i\000n\000k\000o\000w\000s\000k\000i\000\040\000S\000p\000a\000c\000e\000t\000i\000m\000e}{subsection.3.1}% 105
\BOOKMARK [3][-]{subsubsection.3.1.3}{\376\377\000C\000o\000n\000c\000e\000p\000t\000s\000\040\000a\000n\000d\000\040\000N\000o\000t\000i\000o\000n\000s}{subsection.3.1}% 106
\BOOKMARK [3][-]{subsubsection.3.1.4}{\376\377\000L\000o\000r\000e\000n\000t\000z\000\040\000T\000r\000a\000n\000s\000f\000o\000r\000m\000a\000t\000i\000o\000n\000s}{subsection.3.1}% 107
\BOOKMARK [3][-]{subsubsection.3.1.5}{\376\377\000I\000n\000v\000a\000r\000i\000a\000n\000c\000e\000\040\000o\000f\000\040\000c\000\040\000f\000r\000o\000m\000\040\000t\000h\000e\000\040\000m\000e\000t\000r\000i\000c}{subsection.3.1}% 108
\BOOKMARK [3][-]{subsubsection.3.1.6}{\376\377\000P\000r\000o\000p\000e\000r\000\040\000T\000i\000m\000e}{subsection.3.1}% 109
\BOOKMARK [3][-]{subsubsection.3.1.7}{\376\377\000F\000o\000u\000r\000-\000v\000e\000l\000o\000c\000i\000t\000y\000,\000\040\000F\000o\000u\000r\000-\000m\000o\000m\000e\000n\000t\000u\000m}{subsection.3.1}% 110
\BOOKMARK [3][-]{subsubsection.3.1.8}{\376\377\000E\000n\000e\000r\000g\000y}{subsection.3.1}% 111
\BOOKMARK [1][-]{section.4}{\376\377\000C\000h\000a\000p\000t\000e\000r\000\040\0004\000:\000\040\000E\000i\000n\000s\000t\000e\000i\000n\000\040\000F\000i\000e\000l\000d\000\040\000E\000q\000u\000a\000t\000i\000o\000n\000s}{}% 112
\BOOKMARK [1][-]{section.5}{\376\377\000C\000h\000a\000p\000t\000e\000r\000\040\0005\000:\000\040\000M\000a\000t\000t\000e\000r\000\040\000M\000o\000d\000e\000l\000s}{}% 113
\BOOKMARK [1][-]{section.6}{\376\377\000C\000h\000a\000p\000t\000e\000r\000\040\0006\000:\000\040\000W\000e\000a\000k\000-\000f\000i\000e\000l\000d\000\040\000S\000o\000l\000u\000t\000i\000o\000n\000s}{}% 114
\BOOKMARK [1][-]{section.7}{\376\377\000C\000h\000a\000p\000t\000e\000r\000\040\0007\000:\000\040\000S\000p\000h\000e\000r\000i\000c\000a\000l\000\040\000S\000y\000m\000m\000e\000t\000r\000y}{}% 115
\BOOKMARK [1][-]{section.8}{\376\377\000C\000h\000a\000p\000t\000e\000r\000\040\0008\000:\000\040\000B\000a\000s\000i\000c\000\040\000C\000o\000s\000m\000o\000l\000o\000g\000y}{}% 116
\BOOKMARK [1][-]{section.8}{\376\377\000B\000a\000c\000k\000\040\000M\000a\000t\000t\000e\000r}{}% 117
\BOOKMARK [2][-]{section*.66}{\376\377\000A\000p\000p\000e\000n\000d\000i\000c\000e\000s}{section.8}% 118
\BOOKMARK [2][-]{section*.66}{\376\377\000A\000d\000d\000i\000t\000i\000o\000n\000a\000l\000\040\000R\000e\000f\000e\000r\000e\000n\000c\000e\000s}{section.8}% 119
\BOOKMARK [2][-]{section*.66}{\376\377\000A\000u\000t\000h\000o\000r\000'\000s\000\040\000N\000o\000t\000e}{section.8}% 120
\BOOKMARK [2][-]{section*.66}{\376\377\000C\000o\000l\000o\000p\000h\000o\000n}{section.8}% 121
